2026-05-26 21:04:53 - featureNew.py[line:38] - INFO: Data num=600000 label1 num=34.00%
2026-05-26 21:05:02 - featureNew.py[line:38] - INFO: Data num=60000 label1 num=34.04%
2026-05-26 21:05:02 - train.py[line:106] - INFO: Model input: {'wide': 25, 'deep': 165, 'co': 21, 'sql': 14, 'class0': 396015.00034332275, 'class1': 203984.99965667725}
2026-05-26 21:05:03 - train.py[line:118] - INFO: Model established: LDSSTransformer2(
  (transformer_encoder): Encoder(
    (dropout): Dropout(p=0.0, inplace=False)
    (layers): Sequential(
      (encoder_layer_0): EncoderBlock(
        (ln_1): LayerNorm((64,), eps=1e-06, elementwise_affine=True)
        (self_attention): MultiheadAttention(
          (out_proj): NonDynamicallyQuantizableLinear(in_features=64, out_features=64, bias=True)
        )
        (dropout): Dropout(p=0.0, inplace=False)
        (ln_2): LayerNorm((64,), eps=1e-06, elementwise_affine=True)
        (mlp): MLPBlock(
          (0): Linear(in_features=64, out_features=512, bias=True)
          (1): GELU(approximate='none')
          (2): Dropout(p=0.0, inplace=False)
          (3): Linear(in_features=512, out_features=64, bias=True)
          (4): Dropout(p=0.0, inplace=False)
        )
      )
      (encoder_layer_1): EncoderBlock(
        (ln_1): LayerNorm((64,), eps=1e-06, elementwise_affine=True)
        (self_attention): MultiheadAttention(
          (out_proj): NonDynamicallyQuantizableLinear(in_features=64, out_features=64, bias=True)
        )
        (dropout): Dropout(p=0.0, inplace=False)
        (ln_2): LayerNorm((64,), eps=1e-06, elementwise_affine=True)
        (mlp): MLPBlock(
          (0): Linear(in_features=64, out_features=512, bias=True)
          (1): GELU(approximate='none')
          (2): Dropout(p=0.0, inplace=False)
          (3): Linear(in_features=512, out_features=64, bias=True)
          (4): Dropout(p=0.0, inplace=False)
        )
      )
      (encoder_layer_2): EncoderBlock(
        (ln_1): LayerNorm((64,), eps=1e-06, elementwise_affine=True)
        (self_attention): MultiheadAttention(
          (out_proj): NonDynamicallyQuantizableLinear(in_features=64, out_features=64, bias=True)
        )
        (dropout): Dropout(p=0.0, inplace=False)
        (ln_2): LayerNorm((64,), eps=1e-06, elementwise_affine=True)
        (mlp): MLPBlock(
          (0): Linear(in_features=64, out_features=512, bias=True)
          (1): GELU(approximate='none')
          (2): Dropout(p=0.0, inplace=False)
          (3): Linear(in_features=512, out_features=64, bias=True)
          (4): Dropout(p=0.0, inplace=False)
        )
      )
      (encoder_layer_3): EncoderBlock(
        (ln_1): LayerNorm((64,), eps=1e-06, elementwise_affine=True)
        (self_attention): MultiheadAttention(
          (out_proj): NonDynamicallyQuantizableLinear(in_features=64, out_features=64, bias=True)
        )
        (dropout): Dropout(p=0.0, inplace=False)
        (ln_2): LayerNorm((64,), eps=1e-06, elementwise_affine=True)
        (mlp): MLPBlock(
          (0): Linear(in_features=64, out_features=512, bias=True)
          (1): GELU(approximate='none')
          (2): Dropout(p=0.0, inplace=False)
          (3): Linear(in_features=512, out_features=64, bias=True)
          (4): Dropout(p=0.0, inplace=False)
        )
      )
    )
    (ln): LayerNorm((64,), eps=1e-06, elementwise_affine=True)
  )
  (dropout): Dropout(p=0.3, inplace=False)
  (sigmoid): Sigmoid()
  (relu): ReLU()
  (fcco): Linear(in_features=21, out_features=64, bias=True)
  (fcsql): Linear(in_features=14, out_features=64, bias=True)
  (fc1): Linear(in_features=165, out_features=64, bias=True)
  (fwide): Linear(in_features=25, out_features=64, bias=True)
  (fc_final): Linear(in_features=64, out_features=1, bias=True)
)
2026-05-26 21:05:03 - train.py[line:126] - INFO: Loss Weights: tensor([1.0000, 1.9414])
2026-05-26 21:05:03 - train.py[line:128] - INFO: Using BCELoss as loss function.
2026-05-26 21:05:03 - train.py[line:130] - INFO: Using Adam as optimization function.
2026-05-26 21:05:03 - train.py[line:133] - INFO: Begin the training of model.
2026-05-26 21:05:18 - train.py[line:137] - INFO: epoch : 1, train loss : 0.7507, train acc: 0.7017, valid loss : 0.6743, valid acc : 0.7602
2026-05-26 21:05:35 - train.py[line:137] - INFO: epoch : 2, train loss : 0.6735, train acc: 0.7506, valid loss : 0.6435, valid acc : 0.7392
2026-05-26 21:05:51 - train.py[line:137] - INFO: epoch : 3, train loss : 0.6481, train acc: 0.7609, valid loss : 0.6199, valid acc : 0.7751
2026-05-26 21:06:08 - train.py[line:137] - INFO: epoch : 4, train loss : 0.6330, train acc: 0.7671, valid loss : 0.6132, valid acc : 0.7868
2026-05-26 21:06:24 - train.py[line:137] - INFO: epoch : 5, train loss : 0.6222, train acc: 0.7716, valid loss : 0.6095, valid acc : 0.7734
2026-05-26 21:06:40 - train.py[line:137] - INFO: epoch : 6, train loss : 0.6139, train acc: 0.7744, valid loss : 0.5978, valid acc : 0.7907
2026-05-26 21:06:57 - train.py[line:137] - INFO: epoch : 7, train loss : 0.6063, train acc: 0.7780, valid loss : 0.5903, valid acc : 0.7842
2026-05-26 21:07:13 - train.py[line:137] - INFO: epoch : 8, train loss : 0.6016, train acc: 0.7797, valid loss : 0.5953, valid acc : 0.7780
2026-05-26 21:07:30 - train.py[line:137] - INFO: epoch : 9, train loss : 0.5971, train acc: 0.7818, valid loss : 0.5887, valid acc : 0.7858
2026-05-26 21:07:44 - train.py[line:137] - INFO: epoch : 10, train loss : 0.5933, train acc: 0.7832, valid loss : 0.5791, valid acc : 0.7922
2026-05-26 21:08:01 - train.py[line:137] - INFO: epoch : 11, train loss : 0.5889, train acc: 0.7852, valid loss : 0.5774, valid acc : 0.7767
2026-05-26 21:08:17 - train.py[line:137] - INFO: epoch : 12, train loss : 0.5857, train acc: 0.7861, valid loss : 0.5765, valid acc : 0.7758
2026-05-26 21:08:34 - train.py[line:137] - INFO: epoch : 13, train loss : 0.5823, train acc: 0.7886, valid loss : 0.5705, valid acc : 0.7830
2026-05-26 21:08:51 - train.py[line:137] - INFO: epoch : 14, train loss : 0.5802, train acc: 0.7887, valid loss : 0.5706, valid acc : 0.7828
2026-05-26 21:09:07 - train.py[line:137] - INFO: epoch : 15, train loss : 0.5775, train acc: 0.7905, valid loss : 0.5638, valid acc : 0.7897
2026-05-26 21:09:24 - train.py[line:137] - INFO: epoch : 16, train loss : 0.5747, train acc: 0.7912, valid loss : 0.5637, valid acc : 0.7989
2026-05-26 21:09:40 - train.py[line:137] - INFO: epoch : 17, train loss : 0.5732, train acc: 0.7921, valid loss : 0.5625, valid acc : 0.7776
2026-05-26 21:09:57 - train.py[line:137] - INFO: epoch : 18, train loss : 0.5710, train acc: 0.7926, valid loss : 0.5590, valid acc : 0.7921
2026-05-26 21:10:14 - train.py[line:137] - INFO: epoch : 19, train loss : 0.5688, train acc: 0.7936, valid loss : 0.5543, valid acc : 0.7962
2026-05-26 21:10:31 - train.py[line:137] - INFO: epoch : 20, train loss : 0.5663, train acc: 0.7939, valid loss : 0.5627, valid acc : 0.7865
2026-05-26 21:10:47 - train.py[line:137] - INFO: epoch : 21, train loss : 0.5659, train acc: 0.7943, valid loss : 0.5657, valid acc : 0.7929
2026-05-26 21:11:03 - train.py[line:137] - INFO: epoch : 22, train loss : 0.5638, train acc: 0.7959, valid loss : 0.5508, valid acc : 0.8017
2026-05-26 21:11:20 - train.py[line:137] - INFO: epoch : 23, train loss : 0.5624, train acc: 0.7961, valid loss : 0.5557, valid acc : 0.8049
2026-05-26 21:11:36 - train.py[line:137] - INFO: epoch : 24, train loss : 0.5611, train acc: 0.7966, valid loss : 0.5509, valid acc : 0.8029
2026-05-26 21:11:53 - train.py[line:137] - INFO: epoch : 25, train loss : 0.5603, train acc: 0.7976, valid loss : 0.5486, valid acc : 0.8083
2026-05-26 21:12:09 - train.py[line:137] - INFO: epoch : 26, train loss : 0.5587, train acc: 0.7978, valid loss : 0.5515, valid acc : 0.7983
2026-05-26 21:12:26 - train.py[line:137] - INFO: epoch : 27, train loss : 0.5575, train acc: 0.7979, valid loss : 0.5578, valid acc : 0.7968
2026-05-26 21:12:43 - train.py[line:137] - INFO: epoch : 28, train loss : 0.5560, train acc: 0.7984, valid loss : 0.5486, valid acc : 0.7957
2026-05-26 21:13:00 - train.py[line:137] - INFO: epoch : 29, train loss : 0.5542, train acc: 0.7988, valid loss : 0.5517, valid acc : 0.7954
2026-05-26 21:13:17 - train.py[line:137] - INFO: epoch : 30, train loss : 0.5539, train acc: 0.7996, valid loss : 0.5436, valid acc : 0.8038
2026-05-26 21:13:33 - train.py[line:137] - INFO: epoch : 31, train loss : 0.5521, train acc: 0.8003, valid loss : 0.5441, valid acc : 0.7997
2026-05-26 21:13:50 - train.py[line:137] - INFO: epoch : 32, train loss : 0.5515, train acc: 0.7996, valid loss : 0.5455, valid acc : 0.8093
2026-05-26 21:14:07 - train.py[line:137] - INFO: epoch : 33, train loss : 0.5505, train acc: 0.8008, valid loss : 0.5419, valid acc : 0.7966
2026-05-26 21:14:23 - train.py[line:137] - INFO: epoch : 34, train loss : 0.5501, train acc: 0.8006, valid loss : 0.5426, valid acc : 0.8007
2026-05-26 21:14:40 - train.py[line:137] - INFO: epoch : 35, train loss : 0.5490, train acc: 0.8009, valid loss : 0.5560, valid acc : 0.7958
2026-05-26 21:14:56 - train.py[line:137] - INFO: epoch : 36, train loss : 0.5480, train acc: 0.8016, valid loss : 0.5489, valid acc : 0.8016
2026-05-26 21:15:13 - train.py[line:137] - INFO: epoch : 37, train loss : 0.5466, train acc: 0.8021, valid loss : 0.5622, valid acc : 0.8016
2026-05-26 21:15:28 - train.py[line:137] - INFO: epoch : 38, train loss : 0.5459, train acc: 0.8025, valid loss : 0.5456, valid acc : 0.7962
2026-05-26 21:15:44 - train.py[line:137] - INFO: epoch : 39, train loss : 0.5450, train acc: 0.8025, valid loss : 0.5438, valid acc : 0.7928
2026-05-26 21:16:01 - train.py[line:137] - INFO: epoch : 40, train loss : 0.5443, train acc: 0.8029, valid loss : 0.5562, valid acc : 0.7959
2026-05-26 21:16:17 - train.py[line:137] - INFO: epoch : 41, train loss : 0.5440, train acc: 0.8030, valid loss : 0.5358, valid acc : 0.8051
2026-05-26 21:16:33 - train.py[line:137] - INFO: epoch : 42, train loss : 0.5432, train acc: 0.8030, valid loss : 0.5431, valid acc : 0.8049
2026-05-26 21:16:50 - train.py[line:137] - INFO: epoch : 43, train loss : 0.5423, train acc: 0.8037, valid loss : 0.5381, valid acc : 0.7928
2026-05-26 21:17:07 - train.py[line:137] - INFO: epoch : 44, train loss : 0.5411, train acc: 0.8035, valid loss : 0.5527, valid acc : 0.7929
2026-05-26 21:17:23 - train.py[line:137] - INFO: epoch : 45, train loss : 0.5403, train acc: 0.8038, valid loss : 0.5429, valid acc : 0.8000
2026-05-26 21:17:39 - train.py[line:137] - INFO: epoch : 46, train loss : 0.5405, train acc: 0.8040, valid loss : 0.5529, valid acc : 0.8015
2026-05-26 21:17:55 - train.py[line:137] - INFO: epoch : 47, train loss : 0.5390, train acc: 0.8038, valid loss : 0.5385, valid acc : 0.8017
2026-05-26 21:18:12 - train.py[line:137] - INFO: epoch : 48, train loss : 0.5384, train acc: 0.8049, valid loss : 0.5351, valid acc : 0.8046
2026-05-26 21:18:28 - train.py[line:137] - INFO: epoch : 49, train loss : 0.5380, train acc: 0.8045, valid loss : 0.5489, valid acc : 0.8031
2026-05-26 21:18:44 - train.py[line:137] - INFO: epoch : 50, train loss : 0.5374, train acc: 0.8052, valid loss : 0.5407, valid acc : 0.7987
2026-05-26 21:19:01 - train.py[line:137] - INFO: epoch : 51, train loss : 0.5365, train acc: 0.8055, valid loss : 0.5472, valid acc : 0.7965
2026-05-26 21:19:17 - train.py[line:137] - INFO: epoch : 52, train loss : 0.5362, train acc: 0.8052, valid loss : 0.5421, valid acc : 0.7913
2026-05-26 21:19:34 - train.py[line:137] - INFO: epoch : 53, train loss : 0.5350, train acc: 0.8056, valid loss : 0.5305, valid acc : 0.8069
2026-05-26 21:19:51 - train.py[line:137] - INFO: epoch : 54, train loss : 0.5344, train acc: 0.8059, valid loss : 0.5452, valid acc : 0.7955
2026-05-26 21:20:07 - train.py[line:137] - INFO: epoch : 55, train loss : 0.5344, train acc: 0.8061, valid loss : 0.5389, valid acc : 0.8042
2026-05-26 21:20:23 - train.py[line:137] - INFO: epoch : 56, train loss : 0.5330, train acc: 0.8066, valid loss : 0.5434, valid acc : 0.7969
2026-05-26 21:20:40 - train.py[line:137] - INFO: epoch : 57, train loss : 0.5325, train acc: 0.8067, valid loss : 0.5427, valid acc : 0.7957
2026-05-26 21:20:57 - train.py[line:137] - INFO: epoch : 58, train loss : 0.5330, train acc: 0.8063, valid loss : 0.5361, valid acc : 0.7946
2026-05-26 21:21:13 - train.py[line:137] - INFO: epoch : 59, train loss : 0.5319, train acc: 0.8064, valid loss : 0.5417, valid acc : 0.7973
2026-05-26 21:21:29 - train.py[line:137] - INFO: epoch : 60, train loss : 0.5306, train acc: 0.8071, valid loss : 0.5321, valid acc : 0.8136
2026-05-26 21:21:46 - train.py[line:137] - INFO: epoch : 61, train loss : 0.5303, train acc: 0.8072, valid loss : 0.5405, valid acc : 0.8016
2026-05-26 21:22:03 - train.py[line:137] - INFO: epoch : 62, train loss : 0.5301, train acc: 0.8074, valid loss : 0.5399, valid acc : 0.8049
2026-05-26 21:22:20 - train.py[line:137] - INFO: epoch : 63, train loss : 0.5294, train acc: 0.8080, valid loss : 0.5330, valid acc : 0.8008
2026-05-26 21:22:35 - train.py[line:137] - INFO: epoch : 64, train loss : 0.5292, train acc: 0.8074, valid loss : 0.5411, valid acc : 0.8028
2026-05-26 21:22:52 - train.py[line:137] - INFO: epoch : 65, train loss : 0.5281, train acc: 0.8083, valid loss : 0.5353, valid acc : 0.8000
2026-05-26 21:23:09 - train.py[line:137] - INFO: epoch : 66, train loss : 0.5285, train acc: 0.8077, valid loss : 0.5373, valid acc : 0.7965
2026-05-26 21:23:26 - train.py[line:137] - INFO: epoch : 67, train loss : 0.5275, train acc: 0.8084, valid loss : 0.5404, valid acc : 0.7960
2026-05-26 21:23:43 - train.py[line:137] - INFO: epoch : 68, train loss : 0.5266, train acc: 0.8099, valid loss : 0.5347, valid acc : 0.8062
2026-05-26 21:23:59 - train.py[line:137] - INFO: epoch : 69, train loss : 0.5262, train acc: 0.8093, valid loss : 0.5326, valid acc : 0.8067
2026-05-26 21:24:15 - train.py[line:137] - INFO: epoch : 70, train loss : 0.5259, train acc: 0.8086, valid loss : 0.5391, valid acc : 0.8042
2026-05-26 21:24:32 - train.py[line:137] - INFO: epoch : 71, train loss : 0.5252, train acc: 0.8094, valid loss : 0.5464, valid acc : 0.7846
2026-05-26 21:24:49 - train.py[line:137] - INFO: epoch : 72, train loss : 0.5258, train acc: 0.8084, valid loss : 0.5428, valid acc : 0.7942
2026-05-26 21:25:06 - train.py[line:137] - INFO: epoch : 73, train loss : 0.5248, train acc: 0.8095, valid loss : 0.5396, valid acc : 0.7996
2026-05-26 21:25:23 - train.py[line:137] - INFO: epoch : 74, train loss : 0.5240, train acc: 0.8098, valid loss : 0.5333, valid acc : 0.7979
2026-05-26 21:25:40 - train.py[line:137] - INFO: epoch : 75, train loss : 0.5237, train acc: 0.8099, valid loss : 0.5358, valid acc : 0.7966
2026-05-26 21:25:56 - train.py[line:137] - INFO: epoch : 76, train loss : 0.5227, train acc: 0.8101, valid loss : 0.5334, valid acc : 0.8133
2026-05-26 21:26:13 - train.py[line:137] - INFO: epoch : 77, train loss : 0.5227, train acc: 0.8102, valid loss : 0.5466, valid acc : 0.7982
2026-05-26 21:26:30 - train.py[line:137] - INFO: epoch : 78, train loss : 0.5224, train acc: 0.8101, valid loss : 0.5362, valid acc : 0.8100
2026-05-26 21:26:46 - train.py[line:137] - INFO: epoch : 79, train loss : 0.5220, train acc: 0.8103, valid loss : 0.5385, valid acc : 0.7939
2026-05-26 21:27:03 - train.py[line:137] - INFO: epoch : 80, train loss : 0.5213, train acc: 0.8108, valid loss : 0.5359, valid acc : 0.8022
2026-05-26 21:27:20 - train.py[line:137] - INFO: epoch : 81, train loss : 0.5211, train acc: 0.8105, valid loss : 0.5363, valid acc : 0.8095
2026-05-26 21:27:37 - train.py[line:137] - INFO: epoch : 82, train loss : 0.5215, train acc: 0.8104, valid loss : 0.5388, valid acc : 0.7995
2026-05-26 21:27:53 - train.py[line:137] - INFO: epoch : 83, train loss : 0.5204, train acc: 0.8113, valid loss : 0.5338, valid acc : 0.8030
2026-05-26 21:28:10 - train.py[line:137] - INFO: epoch : 84, train loss : 0.5199, train acc: 0.8111, valid loss : 0.5416, valid acc : 0.8047
2026-05-26 21:28:26 - train.py[line:137] - INFO: epoch : 85, train loss : 0.5198, train acc: 0.8116, valid loss : 0.5328, valid acc : 0.7956
2026-05-26 21:28:43 - train.py[line:137] - INFO: epoch : 86, train loss : 0.5192, train acc: 0.8115, valid loss : 0.5449, valid acc : 0.8004
2026-05-26 21:28:59 - train.py[line:137] - INFO: epoch : 87, train loss : 0.5182, train acc: 0.8121, valid loss : 0.5380, valid acc : 0.8021
2026-05-26 21:29:15 - train.py[line:137] - INFO: epoch : 88, train loss : 0.5182, train acc: 0.8115, valid loss : 0.5335, valid acc : 0.8012
2026-05-26 21:29:31 - train.py[line:137] - INFO: epoch : 89, train loss : 0.5176, train acc: 0.8123, valid loss : 0.5360, valid acc : 0.8051
2026-05-26 21:29:47 - train.py[line:137] - INFO: epoch : 90, train loss : 0.5185, train acc: 0.8119, valid loss : 0.5369, valid acc : 0.8080
2026-05-26 21:30:04 - train.py[line:137] - INFO: epoch : 91, train loss : 0.5174, train acc: 0.8122, valid loss : 0.5388, valid acc : 0.8067
2026-05-26 21:30:20 - train.py[line:137] - INFO: epoch : 92, train loss : 0.5161, train acc: 0.8124, valid loss : 0.5356, valid acc : 0.8002
2026-05-26 21:30:36 - train.py[line:137] - INFO: epoch : 93, train loss : 0.5165, train acc: 0.8120, valid loss : 0.5422, valid acc : 0.8022
2026-05-26 21:30:52 - train.py[line:137] - INFO: epoch : 94, train loss : 0.5158, train acc: 0.8129, valid loss : 0.5443, valid acc : 0.7956
2026-05-26 21:31:08 - train.py[line:137] - INFO: epoch : 95, train loss : 0.5155, train acc: 0.8129, valid loss : 0.5371, valid acc : 0.8008
2026-05-26 21:31:24 - train.py[line:137] - INFO: epoch : 96, train loss : 0.5151, train acc: 0.8132, valid loss : 0.5406, valid acc : 0.8037
2026-05-26 21:31:41 - train.py[line:137] - INFO: epoch : 97, train loss : 0.5143, train acc: 0.8136, valid loss : 0.5329, valid acc : 0.8017
2026-05-26 21:31:58 - train.py[line:137] - INFO: epoch : 98, train loss : 0.5146, train acc: 0.8136, valid loss : 0.5374, valid acc : 0.7985
2026-05-26 21:32:15 - train.py[line:137] - INFO: epoch : 99, train loss : 0.5140, train acc: 0.8138, valid loss : 0.5459, valid acc : 0.8063
2026-05-26 21:32:31 - train.py[line:137] - INFO: epoch : 100, train loss : 0.5135, train acc: 0.8138, valid loss : 0.5285, valid acc : 0.7980
2026-05-26 21:32:31 - train.py[line:140] - INFO: Training Time of Neural Network: 27.47746452887853 min.
2026-05-26 21:32:32 - train.py[line:154] - INFO: {'tp': 0.263, 'fp': 0.124, 'tn': 0.535, 'fn': 0.078}
2026-05-26 21:32:32 - train.py[line:157] - INFO: Saving Model.
2026-05-26 21:32:32 - train.py[line:159] - INFO: Model saved in path output/temp/model/power.pkl
