2026-05-26 17:47:09 - featureNew.py[line:38] - INFO: Data num=600000 label1 num=48.26%
2026-05-26 19:30:21 - featureNew.py[line:38] - INFO: Data num=600000 label1 num=48.26%
2026-05-26 19:30:53 - featureNew.py[line:38] - INFO: Data num=60000 label1 num=47.66%
2026-05-26 19:30:54 - train.py[line:106] - INFO: Model input: {'wide': 34, 'deep': 234, 'co': 45, 'sql': 20, 'class0': 310417.0024394989, 'class1': 289582.9975605011}
2026-05-26 19:30:54 - train.py[line:118] - INFO: Model established: LDSSTransformer2(
  (transformer_encoder): Encoder(
    (dropout): Dropout(p=0.0, inplace=False)
    (layers): Sequential(
      (encoder_layer_0): EncoderBlock(
        (ln_1): LayerNorm((64,), eps=1e-06, elementwise_affine=True)
        (self_attention): MultiheadAttention(
          (out_proj): NonDynamicallyQuantizableLinear(in_features=64, out_features=64, bias=True)
        )
        (dropout): Dropout(p=0.0, inplace=False)
        (ln_2): LayerNorm((64,), eps=1e-06, elementwise_affine=True)
        (mlp): MLPBlock(
          (0): Linear(in_features=64, out_features=512, bias=True)
          (1): GELU(approximate='none')
          (2): Dropout(p=0.0, inplace=False)
          (3): Linear(in_features=512, out_features=64, bias=True)
          (4): Dropout(p=0.0, inplace=False)
        )
      )
      (encoder_layer_1): EncoderBlock(
        (ln_1): LayerNorm((64,), eps=1e-06, elementwise_affine=True)
        (self_attention): MultiheadAttention(
          (out_proj): NonDynamicallyQuantizableLinear(in_features=64, out_features=64, bias=True)
        )
        (dropout): Dropout(p=0.0, inplace=False)
        (ln_2): LayerNorm((64,), eps=1e-06, elementwise_affine=True)
        (mlp): MLPBlock(
          (0): Linear(in_features=64, out_features=512, bias=True)
          (1): GELU(approximate='none')
          (2): Dropout(p=0.0, inplace=False)
          (3): Linear(in_features=512, out_features=64, bias=True)
          (4): Dropout(p=0.0, inplace=False)
        )
      )
      (encoder_layer_2): EncoderBlock(
        (ln_1): LayerNorm((64,), eps=1e-06, elementwise_affine=True)
        (self_attention): MultiheadAttention(
          (out_proj): NonDynamicallyQuantizableLinear(in_features=64, out_features=64, bias=True)
        )
        (dropout): Dropout(p=0.0, inplace=False)
        (ln_2): LayerNorm((64,), eps=1e-06, elementwise_affine=True)
        (mlp): MLPBlock(
          (0): Linear(in_features=64, out_features=512, bias=True)
          (1): GELU(approximate='none')
          (2): Dropout(p=0.0, inplace=False)
          (3): Linear(in_features=512, out_features=64, bias=True)
          (4): Dropout(p=0.0, inplace=False)
        )
      )
      (encoder_layer_3): EncoderBlock(
        (ln_1): LayerNorm((64,), eps=1e-06, elementwise_affine=True)
        (self_attention): MultiheadAttention(
          (out_proj): NonDynamicallyQuantizableLinear(in_features=64, out_features=64, bias=True)
        )
        (dropout): Dropout(p=0.0, inplace=False)
        (ln_2): LayerNorm((64,), eps=1e-06, elementwise_affine=True)
        (mlp): MLPBlock(
          (0): Linear(in_features=64, out_features=512, bias=True)
          (1): GELU(approximate='none')
          (2): Dropout(p=0.0, inplace=False)
          (3): Linear(in_features=512, out_features=64, bias=True)
          (4): Dropout(p=0.0, inplace=False)
        )
      )
    )
    (ln): LayerNorm((64,), eps=1e-06, elementwise_affine=True)
  )
  (dropout): Dropout(p=0.3, inplace=False)
  (sigmoid): Sigmoid()
  (relu): ReLU()
  (fcco): Linear(in_features=45, out_features=64, bias=True)
  (fcsql): Linear(in_features=20, out_features=64, bias=True)
  (fc1): Linear(in_features=234, out_features=64, bias=True)
  (fwide): Linear(in_features=34, out_features=64, bias=True)
  (fc_final): Linear(in_features=64, out_features=1, bias=True)
)
2026-05-26 19:30:54 - train.py[line:126] - INFO: Loss Weights: tensor([1.0000, 1.0719])
2026-05-26 19:30:54 - train.py[line:128] - INFO: Using BCELoss as loss function.
2026-05-26 19:30:55 - train.py[line:130] - INFO: Using Adam as optimization function.
2026-05-26 19:30:55 - train.py[line:133] - INFO: Begin the training of model.
2026-05-26 19:31:11 - train.py[line:137] - INFO: epoch : 1, train loss : 0.5566, train acc: 0.7336, valid loss : 0.5371, valid acc : 0.7502
2026-05-26 19:31:27 - train.py[line:137] - INFO: epoch : 2, train loss : 0.5318, train acc: 0.7514, valid loss : 0.5244, valid acc : 0.7590
2026-05-26 19:31:44 - train.py[line:137] - INFO: epoch : 3, train loss : 0.5239, train acc: 0.7563, valid loss : 0.5189, valid acc : 0.7623
2026-05-26 19:32:01 - train.py[line:137] - INFO: epoch : 4, train loss : 0.5187, train acc: 0.7599, valid loss : 0.5199, valid acc : 0.7579
2026-05-26 19:32:17 - train.py[line:137] - INFO: epoch : 5, train loss : 0.5139, train acc: 0.7631, valid loss : 0.5235, valid acc : 0.7640
2026-05-26 19:32:33 - train.py[line:137] - INFO: epoch : 6, train loss : 0.5113, train acc: 0.7646, valid loss : 0.5152, valid acc : 0.7664
2026-05-26 19:32:49 - train.py[line:137] - INFO: epoch : 7, train loss : 0.5079, train acc: 0.7673, valid loss : 0.5090, valid acc : 0.7686
2026-05-26 19:33:05 - train.py[line:137] - INFO: epoch : 8, train loss : 0.5056, train acc: 0.7687, valid loss : 0.5103, valid acc : 0.7686
2026-05-26 19:33:20 - train.py[line:137] - INFO: epoch : 9, train loss : 0.5039, train acc: 0.7692, valid loss : 0.5081, valid acc : 0.7689
2026-05-26 19:33:36 - train.py[line:137] - INFO: epoch : 10, train loss : 0.5025, train acc: 0.7701, valid loss : 0.5099, valid acc : 0.7693
2026-05-26 19:33:52 - train.py[line:137] - INFO: epoch : 11, train loss : 0.5006, train acc: 0.7717, valid loss : 0.5139, valid acc : 0.7701
2026-05-26 19:34:09 - train.py[line:137] - INFO: epoch : 12, train loss : 0.4991, train acc: 0.7722, valid loss : 0.5063, valid acc : 0.7730
2026-05-26 19:34:25 - train.py[line:137] - INFO: epoch : 13, train loss : 0.4984, train acc: 0.7733, valid loss : 0.5058, valid acc : 0.7736
2026-05-26 19:34:40 - train.py[line:137] - INFO: epoch : 14, train loss : 0.4971, train acc: 0.7738, valid loss : 0.5107, valid acc : 0.7695
2026-05-26 19:34:56 - train.py[line:137] - INFO: epoch : 15, train loss : 0.4961, train acc: 0.7744, valid loss : 0.5122, valid acc : 0.7700
2026-05-26 19:35:12 - train.py[line:137] - INFO: epoch : 16, train loss : 0.4950, train acc: 0.7747, valid loss : 0.5046, valid acc : 0.7727
2026-05-26 19:35:29 - train.py[line:137] - INFO: epoch : 17, train loss : 0.4943, train acc: 0.7750, valid loss : 0.5020, valid acc : 0.7754
2026-05-26 19:35:45 - train.py[line:137] - INFO: epoch : 18, train loss : 0.4939, train acc: 0.7759, valid loss : 0.5146, valid acc : 0.7666
2026-05-26 19:36:02 - train.py[line:137] - INFO: epoch : 19, train loss : 0.4924, train acc: 0.7767, valid loss : 0.5127, valid acc : 0.7681
2026-05-26 19:36:18 - train.py[line:137] - INFO: epoch : 20, train loss : 0.4917, train acc: 0.7769, valid loss : 0.5192, valid acc : 0.7619
2026-05-26 19:36:35 - train.py[line:137] - INFO: epoch : 21, train loss : 0.4912, train acc: 0.7771, valid loss : 0.5050, valid acc : 0.7710
2026-05-26 19:36:52 - train.py[line:137] - INFO: epoch : 22, train loss : 0.4900, train acc: 0.7781, valid loss : 0.5169, valid acc : 0.7665
2026-05-26 19:37:08 - train.py[line:137] - INFO: epoch : 23, train loss : 0.4895, train acc: 0.7783, valid loss : 0.5144, valid acc : 0.7685
2026-05-26 19:37:25 - train.py[line:137] - INFO: epoch : 24, train loss : 0.4888, train acc: 0.7785, valid loss : 0.5111, valid acc : 0.7693
2026-05-26 19:37:42 - train.py[line:137] - INFO: epoch : 25, train loss : 0.4884, train acc: 0.7789, valid loss : 0.5122, valid acc : 0.7691
2026-05-26 19:37:58 - train.py[line:137] - INFO: epoch : 26, train loss : 0.4878, train acc: 0.7790, valid loss : 0.5210, valid acc : 0.7609
2026-05-26 19:38:15 - train.py[line:137] - INFO: epoch : 27, train loss : 0.4872, train acc: 0.7793, valid loss : 0.5115, valid acc : 0.7683
2026-05-26 19:38:32 - train.py[line:137] - INFO: epoch : 28, train loss : 0.4869, train acc: 0.7798, valid loss : 0.5177, valid acc : 0.7627
2026-05-26 19:38:48 - train.py[line:137] - INFO: epoch : 29, train loss : 0.4861, train acc: 0.7799, valid loss : 0.5141, valid acc : 0.7661
2026-05-26 19:39:05 - train.py[line:137] - INFO: epoch : 30, train loss : 0.4856, train acc: 0.7803, valid loss : 0.5265, valid acc : 0.7572
2026-05-26 19:39:22 - train.py[line:137] - INFO: epoch : 31, train loss : 0.4852, train acc: 0.7807, valid loss : 0.5127, valid acc : 0.7679
2026-05-26 19:39:39 - train.py[line:137] - INFO: epoch : 32, train loss : 0.4844, train acc: 0.7810, valid loss : 0.5186, valid acc : 0.7629
2026-05-26 19:39:55 - train.py[line:137] - INFO: epoch : 33, train loss : 0.4840, train acc: 0.7813, valid loss : 0.5196, valid acc : 0.7603
2026-05-26 19:40:12 - train.py[line:137] - INFO: epoch : 34, train loss : 0.4837, train acc: 0.7816, valid loss : 0.5178, valid acc : 0.7608
2026-05-26 19:40:29 - train.py[line:137] - INFO: epoch : 35, train loss : 0.4838, train acc: 0.7815, valid loss : 0.5330, valid acc : 0.7508
2026-05-26 19:40:45 - train.py[line:137] - INFO: epoch : 36, train loss : 0.4837, train acc: 0.7811, valid loss : 0.5167, valid acc : 0.7625
2026-05-26 19:41:02 - train.py[line:137] - INFO: epoch : 37, train loss : 0.4824, train acc: 0.7824, valid loss : 0.5344, valid acc : 0.7525
2026-05-26 19:41:18 - train.py[line:137] - INFO: epoch : 38, train loss : 0.4825, train acc: 0.7823, valid loss : 0.5138, valid acc : 0.7634
2026-05-26 19:41:35 - train.py[line:137] - INFO: epoch : 39, train loss : 0.4818, train acc: 0.7825, valid loss : 0.5266, valid acc : 0.7589
2026-05-26 19:41:51 - train.py[line:137] - INFO: epoch : 40, train loss : 0.4816, train acc: 0.7827, valid loss : 0.5173, valid acc : 0.7627
2026-05-26 19:42:07 - train.py[line:137] - INFO: epoch : 41, train loss : 0.4811, train acc: 0.7831, valid loss : 0.5220, valid acc : 0.7599
2026-05-26 19:42:24 - train.py[line:137] - INFO: epoch : 42, train loss : 0.4814, train acc: 0.7831, valid loss : 0.5082, valid acc : 0.7683
2026-05-26 19:42:40 - train.py[line:137] - INFO: epoch : 43, train loss : 0.4806, train acc: 0.7832, valid loss : 0.5186, valid acc : 0.7609
2026-05-26 19:42:56 - train.py[line:137] - INFO: epoch : 44, train loss : 0.4802, train acc: 0.7838, valid loss : 0.5348, valid acc : 0.7508
2026-05-26 19:43:12 - train.py[line:137] - INFO: epoch : 45, train loss : 0.4801, train acc: 0.7832, valid loss : 0.5271, valid acc : 0.7520
2026-05-26 19:43:28 - train.py[line:137] - INFO: epoch : 46, train loss : 0.4799, train acc: 0.7837, valid loss : 0.5159, valid acc : 0.7619
2026-05-26 19:43:43 - train.py[line:137] - INFO: epoch : 47, train loss : 0.4797, train acc: 0.7841, valid loss : 0.5309, valid acc : 0.7537
2026-05-26 19:44:00 - train.py[line:137] - INFO: epoch : 48, train loss : 0.4794, train acc: 0.7839, valid loss : 0.5257, valid acc : 0.7551
2026-05-26 19:44:16 - train.py[line:137] - INFO: epoch : 49, train loss : 0.4788, train acc: 0.7837, valid loss : 0.5326, valid acc : 0.7513
2026-05-26 19:44:33 - train.py[line:137] - INFO: epoch : 50, train loss : 0.4791, train acc: 0.7842, valid loss : 0.5403, valid acc : 0.7430
2026-05-26 19:44:49 - train.py[line:137] - INFO: epoch : 51, train loss : 0.4785, train acc: 0.7846, valid loss : 0.5360, valid acc : 0.7474
2026-05-26 19:45:06 - train.py[line:137] - INFO: epoch : 52, train loss : 0.4784, train acc: 0.7846, valid loss : 0.5439, valid acc : 0.7386
2026-05-26 19:45:22 - train.py[line:137] - INFO: epoch : 53, train loss : 0.4780, train acc: 0.7849, valid loss : 0.5294, valid acc : 0.7509
2026-05-26 19:45:38 - train.py[line:137] - INFO: epoch : 54, train loss : 0.4780, train acc: 0.7849, valid loss : 0.5287, valid acc : 0.7522
2026-05-26 19:45:54 - train.py[line:137] - INFO: epoch : 55, train loss : 0.4775, train acc: 0.7847, valid loss : 0.5277, valid acc : 0.7552
2026-05-26 19:46:10 - train.py[line:137] - INFO: epoch : 56, train loss : 0.4774, train acc: 0.7856, valid loss : 0.5230, valid acc : 0.7571
2026-05-26 19:46:26 - train.py[line:137] - INFO: epoch : 57, train loss : 0.4770, train acc: 0.7853, valid loss : 0.5260, valid acc : 0.7574
2026-05-26 19:46:43 - train.py[line:137] - INFO: epoch : 58, train loss : 0.4770, train acc: 0.7856, valid loss : 0.5349, valid acc : 0.7499
2026-05-26 19:46:59 - train.py[line:137] - INFO: epoch : 59, train loss : 0.4774, train acc: 0.7852, valid loss : 0.5244, valid acc : 0.7570
2026-05-26 19:47:15 - train.py[line:137] - INFO: epoch : 60, train loss : 0.4759, train acc: 0.7861, valid loss : 0.5423, valid acc : 0.7429
2026-05-26 19:47:32 - train.py[line:137] - INFO: epoch : 61, train loss : 0.4762, train acc: 0.7857, valid loss : 0.5344, valid acc : 0.7497
2026-05-26 19:47:48 - train.py[line:137] - INFO: epoch : 62, train loss : 0.4757, train acc: 0.7856, valid loss : 0.5266, valid acc : 0.7559
2026-05-26 19:48:05 - train.py[line:137] - INFO: epoch : 63, train loss : 0.4757, train acc: 0.7862, valid loss : 0.5383, valid acc : 0.7433
2026-05-26 19:48:21 - train.py[line:137] - INFO: epoch : 64, train loss : 0.4753, train acc: 0.7862, valid loss : 0.5297, valid acc : 0.7500
2026-05-26 19:48:36 - train.py[line:137] - INFO: epoch : 65, train loss : 0.4753, train acc: 0.7863, valid loss : 0.5302, valid acc : 0.7516
2026-05-26 19:48:53 - train.py[line:137] - INFO: epoch : 66, train loss : 0.4753, train acc: 0.7860, valid loss : 0.5322, valid acc : 0.7486
2026-05-26 19:49:09 - train.py[line:137] - INFO: epoch : 67, train loss : 0.4748, train acc: 0.7868, valid loss : 0.5336, valid acc : 0.7480
2026-05-26 19:49:24 - train.py[line:137] - INFO: epoch : 68, train loss : 0.4746, train acc: 0.7869, valid loss : 0.5257, valid acc : 0.7574
2026-05-26 19:49:39 - train.py[line:137] - INFO: epoch : 69, train loss : 0.4749, train acc: 0.7863, valid loss : 0.5295, valid acc : 0.7518
2026-05-26 19:49:54 - train.py[line:137] - INFO: epoch : 70, train loss : 0.4744, train acc: 0.7868, valid loss : 0.5447, valid acc : 0.7412
2026-05-26 19:50:11 - train.py[line:137] - INFO: epoch : 71, train loss : 0.4743, train acc: 0.7865, valid loss : 0.5308, valid acc : 0.7532
2026-05-26 19:50:27 - train.py[line:137] - INFO: epoch : 72, train loss : 0.4743, train acc: 0.7869, valid loss : 0.5442, valid acc : 0.7448
2026-05-26 19:50:43 - train.py[line:137] - INFO: epoch : 73, train loss : 0.4730, train acc: 0.7875, valid loss : 0.5458, valid acc : 0.7366
2026-05-26 19:50:59 - train.py[line:137] - INFO: epoch : 74, train loss : 0.4737, train acc: 0.7870, valid loss : 0.5442, valid acc : 0.7426
2026-05-26 19:51:16 - train.py[line:137] - INFO: epoch : 75, train loss : 0.4730, train acc: 0.7873, valid loss : 0.5346, valid acc : 0.7496
2026-05-26 19:51:31 - train.py[line:137] - INFO: epoch : 76, train loss : 0.4729, train acc: 0.7875, valid loss : 0.5433, valid acc : 0.7411
2026-05-26 19:51:48 - train.py[line:137] - INFO: epoch : 77, train loss : 0.4728, train acc: 0.7878, valid loss : 0.5418, valid acc : 0.7444
2026-05-26 19:52:05 - train.py[line:137] - INFO: epoch : 78, train loss : 0.4725, train acc: 0.7882, valid loss : 0.5406, valid acc : 0.7463
2026-05-26 19:52:21 - train.py[line:137] - INFO: epoch : 79, train loss : 0.4726, train acc: 0.7878, valid loss : 0.5240, valid acc : 0.7587
2026-05-26 19:52:37 - train.py[line:137] - INFO: epoch : 80, train loss : 0.4725, train acc: 0.7879, valid loss : 0.5286, valid acc : 0.7554
2026-05-26 19:52:54 - train.py[line:137] - INFO: epoch : 81, train loss : 0.4722, train acc: 0.7880, valid loss : 0.5460, valid acc : 0.7388
2026-05-26 19:53:10 - train.py[line:137] - INFO: epoch : 82, train loss : 0.4718, train acc: 0.7883, valid loss : 0.5438, valid acc : 0.7387
2026-05-26 19:53:27 - train.py[line:137] - INFO: epoch : 83, train loss : 0.4716, train acc: 0.7884, valid loss : 0.5300, valid acc : 0.7526
2026-05-26 19:53:41 - train.py[line:137] - INFO: epoch : 84, train loss : 0.4716, train acc: 0.7883, valid loss : 0.5501, valid acc : 0.7377
2026-05-26 19:53:58 - train.py[line:137] - INFO: epoch : 85, train loss : 0.4711, train acc: 0.7884, valid loss : 0.5402, valid acc : 0.7436
2026-05-26 19:54:14 - train.py[line:137] - INFO: epoch : 86, train loss : 0.4714, train acc: 0.7883, valid loss : 0.5608, valid acc : 0.7280
2026-05-26 19:54:31 - train.py[line:137] - INFO: epoch : 87, train loss : 0.4711, train acc: 0.7885, valid loss : 0.5347, valid acc : 0.7501
2026-05-26 19:54:48 - train.py[line:137] - INFO: epoch : 88, train loss : 0.4710, train acc: 0.7887, valid loss : 0.5437, valid acc : 0.7435
2026-05-26 19:55:04 - train.py[line:137] - INFO: epoch : 89, train loss : 0.4711, train acc: 0.7883, valid loss : 0.5315, valid acc : 0.7522
2026-05-26 19:55:21 - train.py[line:137] - INFO: epoch : 90, train loss : 0.4709, train acc: 0.7886, valid loss : 0.5533, valid acc : 0.7349
2026-05-26 19:55:38 - train.py[line:137] - INFO: epoch : 91, train loss : 0.4706, train acc: 0.7892, valid loss : 0.5484, valid acc : 0.7391
2026-05-26 19:55:53 - train.py[line:137] - INFO: epoch : 92, train loss : 0.4704, train acc: 0.7889, valid loss : 0.5368, valid acc : 0.7499
2026-05-26 19:56:09 - train.py[line:137] - INFO: epoch : 93, train loss : 0.4700, train acc: 0.7889, valid loss : 0.5616, valid acc : 0.7291
2026-05-26 19:56:26 - train.py[line:137] - INFO: epoch : 94, train loss : 0.4699, train acc: 0.7888, valid loss : 0.5489, valid acc : 0.7372
2026-05-26 19:56:42 - train.py[line:137] - INFO: epoch : 95, train loss : 0.4697, train acc: 0.7892, valid loss : 0.5732, valid acc : 0.7172
2026-05-26 19:56:59 - train.py[line:137] - INFO: epoch : 96, train loss : 0.4696, train acc: 0.7891, valid loss : 0.5430, valid acc : 0.7440
2026-05-26 19:57:16 - train.py[line:137] - INFO: epoch : 97, train loss : 0.4694, train acc: 0.7897, valid loss : 0.5579, valid acc : 0.7326
2026-05-26 19:57:32 - train.py[line:137] - INFO: epoch : 98, train loss : 0.4694, train acc: 0.7895, valid loss : 0.5502, valid acc : 0.7382
2026-05-26 19:57:48 - train.py[line:137] - INFO: epoch : 99, train loss : 0.4692, train acc: 0.7894, valid loss : 0.5485, valid acc : 0.7382
2026-05-26 19:58:02 - train.py[line:137] - INFO: epoch : 100, train loss : 0.4690, train acc: 0.7895, valid loss : 0.5426, valid acc : 0.7441
2026-05-26 19:58:02 - train.py[line:140] - INFO: Training Time of Neural Network: 27.13006979227066 min.
2026-05-26 19:58:03 - train.py[line:154] - INFO: {'tp': 0.262, 'fp': 0.041, 'tn': 0.482, 'fn': 0.215}
2026-05-26 19:58:03 - train.py[line:157] - INFO: Saving Model.
2026-05-26 19:58:03 - train.py[line:159] - INFO: Model saved in path output/temp/model/forest.pkl
